// Jest Snapshot v1, https://goo.gl/fbAQLP

exports[`expects it to render! 1`] = `
<DocumentFragment>
  <div>
    <h2
      style="color: orange;"
    >
      About
    </h2>
    <div>
      This is a application that lets you plugin your daily learnings to a set schedule so it allows you to repeat the information again just before you forget about it. Thereby not wasting your hard earned wisdom the the fragility of time.
    </div>
  </div>
</DocumentFragment>
`;
